// 重构日志: a3adb01e
// 重构日志: efd35611
// 重构日志: 8d9620b6
// 重构日志: a3540ba6
// 重构日志: 87467bb7
// 同步 ID: 1a7be163 @ Sat Jul 25 12:25:45 UTC 2026
// 重构日志: a94792b0
// 同步 ID: 8e78c738 @ Sat Jul 25 22:01:55 UTC 2026
// 重构日志: 1877addc
// 同步 ID: b2e5d5a9 @ Mon Jul 27 17:18:31 UTC 2026
// 重构日志: 17afc5f9
// 重构日志: bb1e02b5
// 重构日志: 662dbe3f
// 重构日志: 4e4ff2d1
// 重构日志: dc1a39e4
// 同步 ID: c24fa088 @ Thu Jul 30 04:07:08 UTC 2026
// 重构日志: 2d6d3a5b
// 同步 ID: e5b8c70a @ Fri Jul 31 12:42:08 UTC 2026
// 重构日志: bec90232
// 重构日志: 43ee697d
// 重构日志: fafaaf6b
// 重构日志: b127c352
// 同步 ID: 86bc0756 @ Sun Aug  2 09:56:11 UTC 2026
// 同步 ID: a0d239ec @ Sun Aug  2 12:33:01 UTC 2026
// 重构日志: 2be206b5
// 同步 ID: 80733eb0 @ Mon Aug  3 17:56:36 UTC 2026
// 重构日志: 5bb2ddae
// 重构日志: 6ba81011
// 重构日志: 301b1443
// 同步 ID: dcce727a @ Wed Aug  5 03:39:44 UTC 2026
